------------------------------------------------------------
TimeQuest Timing Analyzer Summary
------------------------------------------------------------

Type  : Slow 1200mV 85C Model Setup 'CLOCK_50'
Slack : -11.852
TNS   : -1215.639

Type  : Slow 1200mV 85C Model Hold 'CLOCK_50'
Slack : 0.414
TNS   : 0.000

Type  : Slow 1200mV 85C Model Recovery 'SW[17]'
Slack : -1.289
TNS   : -1.289

Type  : Slow 1200mV 85C Model Removal 'SW[17]'
Slack : 0.741
TNS   : 0.000

Type  : Slow 1200mV 85C Model Minimum Pulse Width 'CLOCK_50'
Slack : -3.000
TNS   : -215.025

Type  : Slow 1200mV 85C Model Minimum Pulse Width 'SW[17]'
Slack : -3.000
TNS   : -4.285

Type  : Slow 1200mV 0C Model Setup 'CLOCK_50'
Slack : -10.804
TNS   : -1100.407

Type  : Slow 1200mV 0C Model Hold 'CLOCK_50'
Slack : 0.375
TNS   : 0.000

Type  : Slow 1200mV 0C Model Recovery 'SW[17]'
Slack : -0.971
TNS   : -0.971

Type  : Slow 1200mV 0C Model Removal 'SW[17]'
Slack : 0.524
TNS   : 0.000

Type  : Slow 1200mV 0C Model Minimum Pulse Width 'CLOCK_50'
Slack : -3.000
TNS   : -215.025

Type  : Slow 1200mV 0C Model Minimum Pulse Width 'SW[17]'
Slack : -3.000
TNS   : -4.285

Type  : Fast 1200mV 0C Model Setup 'CLOCK_50'
Slack : -5.429
TNS   : -521.960

Type  : Fast 1200mV 0C Model Hold 'CLOCK_50'
Slack : 0.073
TNS   : 0.000

Type  : Fast 1200mV 0C Model Recovery 'SW[17]'
Slack : -0.313
TNS   : -0.313

Type  : Fast 1200mV 0C Model Removal 'SW[17]'
Slack : 0.476
TNS   : 0.000

Type  : Fast 1200mV 0C Model Minimum Pulse Width 'CLOCK_50'
Slack : -3.000
TNS   : -216.801

Type  : Fast 1200mV 0C Model Minimum Pulse Width 'SW[17]'
Slack : -3.000
TNS   : -4.384

------------------------------------------------------------
